usr/bin/c++.exe
usr/bin/g++.exe
usr/bin/i686-pc-cygwin-c++.exe
usr/bin/i686-pc-cygwin-g++.exe
usr/lib/gcc/i686-pc-cygwin/4.9.3/include/c++/
usr/lib/gcc/i686-pc-cygwin/4.9.3/include/c++/algorithm
usr/lib/gcc/i686-pc-cygwin/4.9.3/include/c++/array
usr/lib/gcc/i686-pc-cygwin/4.9.3/include/c++/atomic
usr/lib/gcc/i686-pc-cygwin/4.9.3/include/c++/backward/
usr/lib/gcc/i686-pc-cygwin/4.9.3/include/c++/backward/auto_ptr.h
usr/lib/gcc/i686-pc-cygwin/4.9.3/include/c++/backward/backward_warning.h
usr/lib/gcc/i686-pc-cygwin/4.9.3/include/c++/backward/binders.h
usr/lib/gcc/i686-pc-cygwin/4.9.3/include/c++/backward/hashtable.h
usr/lib/gcc/i686-pc-cygwin/4.9.3/include/c++/backward/hash_fun.h
usr/lib/gcc/i686-pc-cygwin/4.9.3/include/c++/backward/hash_map
usr/lib/gcc/i686-pc-cygwin/4.9.3/include/c++/backward/hash_set
usr/lib/gcc/i686-pc-cygwin/4.9.3/include/c++/backward/strstream
usr/lib/gcc/i686-pc-cygwin/4.9.3/include/c++/bits/
usr/lib/gcc/i686-pc-cygwin/4.9.3/include/c++/bits/algorithmfwd.h
usr/lib/gcc/i686-pc-cygwin/4.9.3/include/c++/bits/allocator.h
usr/lib/gcc/i686-pc-cygwin/4.9.3/include/c++/bits/alloc_traits.h
usr/lib/gcc/i686-pc-cygwin/4.9.3/include/c++/bits/atomic_base.h
usr/lib/gcc/i686-pc-cygwin/4.9.3/include/c++/bits/atomic_lockfree_defines.h
usr/lib/gcc/i686-pc-cygwin/4.9.3/include/c++/bits/basic_ios.h
usr/lib/gcc/i686-pc-cygwin/4.9.3/include/c++/bits/basic_ios.tcc
usr/lib/gcc/i686-pc-cygwin/4.9.3/include/c++/bits/basic_string.h
usr/lib/gcc/i686-pc-cygwin/4.9.3/include/c++/bits/basic_string.tcc
usr/lib/gcc/i686-pc-cygwin/4.9.3/include/c++/bits/boost_concept_check.h
usr/lib/gcc/i686-pc-cygwin/4.9.3/include/c++/bits/c++0x_warning.h
usr/lib/gcc/i686-pc-cygwin/4.9.3/include/c++/bits/c++14_warning.h
usr/lib/gcc/i686-pc-cygwin/4.9.3/include/c++/bits/char_traits.h
usr/lib/gcc/i686-pc-cygwin/4.9.3/include/c++/bits/codecvt.h
usr/lib/gcc/i686-pc-cygwin/4.9.3/include/c++/bits/concept_check.h
usr/lib/gcc/i686-pc-cygwin/4.9.3/include/c++/bits/cpp_type_traits.h
usr/lib/gcc/i686-pc-cygwin/4.9.3/include/c++/bits/cxxabi_forced.h
usr/lib/gcc/i686-pc-cygwin/4.9.3/include/c++/bits/deque.tcc
usr/lib/gcc/i686-pc-cygwin/4.9.3/include/c++/bits/enable_special_members.h
usr/lib/gcc/i686-pc-cygwin/4.9.3/include/c++/bits/exception_defines.h
usr/lib/gcc/i686-pc-cygwin/4.9.3/include/c++/bits/exception_ptr.h
usr/lib/gcc/i686-pc-cygwin/4.9.3/include/c++/bits/forward_list.h
usr/lib/gcc/i686-pc-cygwin/4.9.3/include/c++/bits/forward_list.tcc
usr/lib/gcc/i686-pc-cygwin/4.9.3/include/c++/bits/fstream.tcc
usr/lib/gcc/i686-pc-cygwin/4.9.3/include/c++/bits/functexcept.h
usr/lib/gcc/i686-pc-cygwin/4.9.3/include/c++/bits/functional_hash.h
usr/lib/gcc/i686-pc-cygwin/4.9.3/include/c++/bits/gslice.h
usr/lib/gcc/i686-pc-cygwin/4.9.3/include/c++/bits/gslice_array.h
usr/lib/gcc/i686-pc-cygwin/4.9.3/include/c++/bits/hashtable.h
usr/lib/gcc/i686-pc-cygwin/4.9.3/include/c++/bits/hashtable_policy.h
usr/lib/gcc/i686-pc-cygwin/4.9.3/include/c++/bits/hash_bytes.h
usr/lib/gcc/i686-pc-cygwin/4.9.3/include/c++/bits/indirect_array.h
usr/lib/gcc/i686-pc-cygwin/4.9.3/include/c++/bits/ios_base.h
usr/lib/gcc/i686-pc-cygwin/4.9.3/include/c++/bits/istream.tcc
usr/lib/gcc/i686-pc-cygwin/4.9.3/include/c++/bits/list.tcc
usr/lib/gcc/i686-pc-cygwin/4.9.3/include/c++/bits/localefwd.h
usr/lib/gcc/i686-pc-cygwin/4.9.3/include/c++/bits/locale_classes.h
usr/lib/gcc/i686-pc-cygwin/4.9.3/include/c++/bits/locale_classes.tcc
usr/lib/gcc/i686-pc-cygwin/4.9.3/include/c++/bits/locale_facets.h
usr/lib/gcc/i686-pc-cygwin/4.9.3/include/c++/bits/locale_facets.tcc
usr/lib/gcc/i686-pc-cygwin/4.9.3/include/c++/bits/locale_facets_nonio.h
usr/lib/gcc/i686-pc-cygwin/4.9.3/include/c++/bits/locale_facets_nonio.tcc
usr/lib/gcc/i686-pc-cygwin/4.9.3/include/c++/bits/mask_array.h
usr/lib/gcc/i686-pc-cygwin/4.9.3/include/c++/bits/memoryfwd.h
usr/lib/gcc/i686-pc-cygwin/4.9.3/include/c++/bits/move.h
usr/lib/gcc/i686-pc-cygwin/4.9.3/include/c++/bits/nested_exception.h
usr/lib/gcc/i686-pc-cygwin/4.9.3/include/c++/bits/ostream.tcc
usr/lib/gcc/i686-pc-cygwin/4.9.3/include/c++/bits/ostream_insert.h
usr/lib/gcc/i686-pc-cygwin/4.9.3/include/c++/bits/parse_numbers.h
usr/lib/gcc/i686-pc-cygwin/4.9.3/include/c++/bits/postypes.h
usr/lib/gcc/i686-pc-cygwin/4.9.3/include/c++/bits/predefined_ops.h
usr/lib/gcc/i686-pc-cygwin/4.9.3/include/c++/bits/ptr_traits.h
usr/lib/gcc/i686-pc-cygwin/4.9.3/include/c++/bits/random.h
usr/lib/gcc/i686-pc-cygwin/4.9.3/include/c++/bits/random.tcc
usr/lib/gcc/i686-pc-cygwin/4.9.3/include/c++/bits/range_access.h
usr/lib/gcc/i686-pc-cygwin/4.9.3/include/c++/bits/regex.h
usr/lib/gcc/i686-pc-cygwin/4.9.3/include/c++/bits/regex.tcc
usr/lib/gcc/i686-pc-cygwin/4.9.3/include/c++/bits/regex_automaton.h
usr/lib/gcc/i686-pc-cygwin/4.9.3/include/c++/bits/regex_automaton.tcc
usr/lib/gcc/i686-pc-cygwin/4.9.3/include/c++/bits/regex_compiler.h
usr/lib/gcc/i686-pc-cygwin/4.9.3/include/c++/bits/regex_compiler.tcc
usr/lib/gcc/i686-pc-cygwin/4.9.3/include/c++/bits/regex_constants.h
usr/lib/gcc/i686-pc-cygwin/4.9.3/include/c++/bits/regex_error.h
usr/lib/gcc/i686-pc-cygwin/4.9.3/include/c++/bits/regex_executor.h
usr/lib/gcc/i686-pc-cygwin/4.9.3/include/c++/bits/regex_executor.tcc
usr/lib/gcc/i686-pc-cygwin/4.9.3/include/c++/bits/regex_scanner.h
usr/lib/gcc/i686-pc-cygwin/4.9.3/include/c++/bits/regex_scanner.tcc
usr/lib/gcc/i686-pc-cygwin/4.9.3/include/c++/bits/shared_ptr.h
usr/lib/gcc/i686-pc-cygwin/4.9.3/include/c++/bits/shared_ptr_base.h
usr/lib/gcc/i686-pc-cygwin/4.9.3/include/c++/bits/slice_array.h
usr/lib/gcc/i686-pc-cygwin/4.9.3/include/c++/bits/sstream.tcc
usr/lib/gcc/i686-pc-cygwin/4.9.3/include/c++/bits/stl_algo.h
usr/lib/gcc/i686-pc-cygwin/4.9.3/include/c++/bits/stl_algobase.h
usr/lib/gcc/i686-pc-cygwin/4.9.3/include/c++/bits/stl_bvector.h
usr/lib/gcc/i686-pc-cygwin/4.9.3/include/c++/bits/stl_construct.h
usr/lib/gcc/i686-pc-cygwin/4.9.3/include/c++/bits/stl_deque.h
usr/lib/gcc/i686-pc-cygwin/4.9.3/include/c++/bits/stl_function.h
usr/lib/gcc/i686-pc-cygwin/4.9.3/include/c++/bits/stl_heap.h
usr/lib/gcc/i686-pc-cygwin/4.9.3/include/c++/bits/stl_iterator.h
usr/lib/gcc/i686-pc-cygwin/4.9.3/include/c++/bits/stl_iterator_base_funcs.h
usr/lib/gcc/i686-pc-cygwin/4.9.3/include/c++/bits/stl_iterator_base_types.h
usr/lib/gcc/i686-pc-cygwin/4.9.3/include/c++/bits/stl_list.h
usr/lib/gcc/i686-pc-cygwin/4.9.3/include/c++/bits/stl_map.h
usr/lib/gcc/i686-pc-cygwin/4.9.3/include/c++/bits/stl_multimap.h
usr/lib/gcc/i686-pc-cygwin/4.9.3/include/c++/bits/stl_multiset.h
usr/lib/gcc/i686-pc-cygwin/4.9.3/include/c++/bits/stl_numeric.h
usr/lib/gcc/i686-pc-cygwin/4.9.3/include/c++/bits/stl_pair.h
usr/lib/gcc/i686-pc-cygwin/4.9.3/include/c++/bits/stl_queue.h
usr/lib/gcc/i686-pc-cygwin/4.9.3/include/c++/bits/stl_raw_storage_iter.h
usr/lib/gcc/i686-pc-cygwin/4.9.3/include/c++/bits/stl_relops.h
usr/lib/gcc/i686-pc-cygwin/4.9.3/include/c++/bits/stl_set.h
usr/lib/gcc/i686-pc-cygwin/4.9.3/include/c++/bits/stl_stack.h
usr/lib/gcc/i686-pc-cygwin/4.9.3/include/c++/bits/stl_tempbuf.h
usr/lib/gcc/i686-pc-cygwin/4.9.3/include/c++/bits/stl_tree.h
usr/lib/gcc/i686-pc-cygwin/4.9.3/include/c++/bits/stl_uninitialized.h
usr/lib/gcc/i686-pc-cygwin/4.9.3/include/c++/bits/stl_vector.h
usr/lib/gcc/i686-pc-cygwin/4.9.3/include/c++/bits/streambuf.tcc
usr/lib/gcc/i686-pc-cygwin/4.9.3/include/c++/bits/streambuf_iterator.h
usr/lib/gcc/i686-pc-cygwin/4.9.3/include/c++/bits/stream_iterator.h
usr/lib/gcc/i686-pc-cygwin/4.9.3/include/c++/bits/stringfwd.h
usr/lib/gcc/i686-pc-cygwin/4.9.3/include/c++/bits/unique_ptr.h
usr/lib/gcc/i686-pc-cygwin/4.9.3/include/c++/bits/unordered_map.h
usr/lib/gcc/i686-pc-cygwin/4.9.3/include/c++/bits/unordered_set.h
usr/lib/gcc/i686-pc-cygwin/4.9.3/include/c++/bits/uses_allocator.h
usr/lib/gcc/i686-pc-cygwin/4.9.3/include/c++/bits/valarray_after.h
usr/lib/gcc/i686-pc-cygwin/4.9.3/include/c++/bits/valarray_array.h
usr/lib/gcc/i686-pc-cygwin/4.9.3/include/c++/bits/valarray_array.tcc
usr/lib/gcc/i686-pc-cygwin/4.9.3/include/c++/bits/valarray_before.h
usr/lib/gcc/i686-pc-cygwin/4.9.3/include/c++/bits/vector.tcc
usr/lib/gcc/i686-pc-cygwin/4.9.3/include/c++/bitset
usr/lib/gcc/i686-pc-cygwin/4.9.3/include/c++/cassert
usr/lib/gcc/i686-pc-cygwin/4.9.3/include/c++/ccomplex
usr/lib/gcc/i686-pc-cygwin/4.9.3/include/c++/cctype
usr/lib/gcc/i686-pc-cygwin/4.9.3/include/c++/cerrno
usr/lib/gcc/i686-pc-cygwin/4.9.3/include/c++/cfenv
usr/lib/gcc/i686-pc-cygwin/4.9.3/include/c++/cfloat
usr/lib/gcc/i686-pc-cygwin/4.9.3/include/c++/chrono
usr/lib/gcc/i686-pc-cygwin/4.9.3/include/c++/cinttypes
usr/lib/gcc/i686-pc-cygwin/4.9.3/include/c++/ciso646
usr/lib/gcc/i686-pc-cygwin/4.9.3/include/c++/climits
usr/lib/gcc/i686-pc-cygwin/4.9.3/include/c++/clocale
usr/lib/gcc/i686-pc-cygwin/4.9.3/include/c++/cmath
usr/lib/gcc/i686-pc-cygwin/4.9.3/include/c++/complex
usr/lib/gcc/i686-pc-cygwin/4.9.3/include/c++/complex.h
usr/lib/gcc/i686-pc-cygwin/4.9.3/include/c++/condition_variable
usr/lib/gcc/i686-pc-cygwin/4.9.3/include/c++/csetjmp
usr/lib/gcc/i686-pc-cygwin/4.9.3/include/c++/csignal
usr/lib/gcc/i686-pc-cygwin/4.9.3/include/c++/cstdalign
usr/lib/gcc/i686-pc-cygwin/4.9.3/include/c++/cstdarg
usr/lib/gcc/i686-pc-cygwin/4.9.3/include/c++/cstdbool
usr/lib/gcc/i686-pc-cygwin/4.9.3/include/c++/cstddef
usr/lib/gcc/i686-pc-cygwin/4.9.3/include/c++/cstdint
usr/lib/gcc/i686-pc-cygwin/4.9.3/include/c++/cstdio
usr/lib/gcc/i686-pc-cygwin/4.9.3/include/c++/cstdlib
usr/lib/gcc/i686-pc-cygwin/4.9.3/include/c++/cstring
usr/lib/gcc/i686-pc-cygwin/4.9.3/include/c++/ctgmath
usr/lib/gcc/i686-pc-cygwin/4.9.3/include/c++/ctime
usr/lib/gcc/i686-pc-cygwin/4.9.3/include/c++/cwchar
usr/lib/gcc/i686-pc-cygwin/4.9.3/include/c++/cwctype
usr/lib/gcc/i686-pc-cygwin/4.9.3/include/c++/cxxabi.h
usr/lib/gcc/i686-pc-cygwin/4.9.3/include/c++/debug/
usr/lib/gcc/i686-pc-cygwin/4.9.3/include/c++/debug/array
usr/lib/gcc/i686-pc-cygwin/4.9.3/include/c++/debug/bitset
usr/lib/gcc/i686-pc-cygwin/4.9.3/include/c++/debug/debug.h
usr/lib/gcc/i686-pc-cygwin/4.9.3/include/c++/debug/deque
usr/lib/gcc/i686-pc-cygwin/4.9.3/include/c++/debug/formatter.h
usr/lib/gcc/i686-pc-cygwin/4.9.3/include/c++/debug/forward_list
usr/lib/gcc/i686-pc-cygwin/4.9.3/include/c++/debug/functions.h
usr/lib/gcc/i686-pc-cygwin/4.9.3/include/c++/debug/list
usr/lib/gcc/i686-pc-cygwin/4.9.3/include/c++/debug/macros.h
usr/lib/gcc/i686-pc-cygwin/4.9.3/include/c++/debug/map
usr/lib/gcc/i686-pc-cygwin/4.9.3/include/c++/debug/map.h
usr/lib/gcc/i686-pc-cygwin/4.9.3/include/c++/debug/multimap.h
usr/lib/gcc/i686-pc-cygwin/4.9.3/include/c++/debug/multiset.h
usr/lib/gcc/i686-pc-cygwin/4.9.3/include/c++/debug/safe_base.h
usr/lib/gcc/i686-pc-cygwin/4.9.3/include/c++/debug/safe_iterator.h
usr/lib/gcc/i686-pc-cygwin/4.9.3/include/c++/debug/safe_iterator.tcc
usr/lib/gcc/i686-pc-cygwin/4.9.3/include/c++/debug/safe_local_iterator.h
usr/lib/gcc/i686-pc-cygwin/4.9.3/include/c++/debug/safe_local_iterator.tcc
usr/lib/gcc/i686-pc-cygwin/4.9.3/include/c++/debug/safe_sequence.h
usr/lib/gcc/i686-pc-cygwin/4.9.3/include/c++/debug/safe_sequence.tcc
usr/lib/gcc/i686-pc-cygwin/4.9.3/include/c++/debug/safe_unordered_base.h
usr/lib/gcc/i686-pc-cygwin/4.9.3/include/c++/debug/safe_unordered_container.h
usr/lib/gcc/i686-pc-cygwin/4.9.3/include/c++/debug/safe_unordered_container.tcc
usr/lib/gcc/i686-pc-cygwin/4.9.3/include/c++/debug/set
usr/lib/gcc/i686-pc-cygwin/4.9.3/include/c++/debug/set.h
usr/lib/gcc/i686-pc-cygwin/4.9.3/include/c++/debug/string
usr/lib/gcc/i686-pc-cygwin/4.9.3/include/c++/debug/unordered_map
usr/lib/gcc/i686-pc-cygwin/4.9.3/include/c++/debug/unordered_set
usr/lib/gcc/i686-pc-cygwin/4.9.3/include/c++/debug/vector
usr/lib/gcc/i686-pc-cygwin/4.9.3/include/c++/decimal/
usr/lib/gcc/i686-pc-cygwin/4.9.3/include/c++/decimal/decimal
usr/lib/gcc/i686-pc-cygwin/4.9.3/include/c++/decimal/decimal.h
usr/lib/gcc/i686-pc-cygwin/4.9.3/include/c++/deque
usr/lib/gcc/i686-pc-cygwin/4.9.3/include/c++/exception
usr/lib/gcc/i686-pc-cygwin/4.9.3/include/c++/experimental/
usr/lib/gcc/i686-pc-cygwin/4.9.3/include/c++/experimental/optional
usr/lib/gcc/i686-pc-cygwin/4.9.3/include/c++/experimental/string_view
